App.tsx(201,24): error TS2552: Cannot find name 'Clock'. Did you mean 'Lock'?
components/AddClient_v2.tsx(246,15): error TS2322: Type 'string' is not assignable to type 'number'.
components/AddDesigner_v2.tsx(319,19): error TS2322: Type 'string' is not assignable to type 'number'.
components/NewProjectModal.tsx(225,21): error TS2304: Cannot find name 'selectedFirmId'.
components/NewProjectModal.tsx(369,21): error TS2304: Cannot find name 'selectedFirmId'.
components/NewProjectModal_v2.tsx(552,54): error TS2345: Argument of type '(prev: Partial<Project>) => { designerAvailabilityRequirements: { hoursPerWeek: number | undefined; fullTime?: boolean | undefined; projectDuration?: string | undefined; }; ... 32 more ...; clientPreferences?: { ...; } | undefined; }' is not assignable to parameter of type 'SetStateAction<Partial<Project>>'.
  Type '(prev: Partial<Project>) => { designerAvailabilityRequirements: { hoursPerWeek: number | undefined; fullTime?: boolean | undefined; projectDuration?: string | undefined; }; ... 32 more ...; clientPreferences?: { ...; } | undefined; }' is not assignable to type '(prevState: Partial<Project>) => Partial<Project>'.
    Call signature return types '{ designerAvailabilityRequirements: { hoursPerWeek: number | undefined; fullTime?: boolean | undefined; projectDuration?: string | undefined; }; id?: string | undefined; tenantId?: string | undefined; ... 30 more ...; clientPreferences?: { ...; } | undefined; }' and 'Partial<Project>' are incompatible.
      The types of 'designerAvailabilityRequirements.fullTime' are incompatible between these types.
        Type 'boolean | undefined' is not assignable to type 'boolean'.
          Type 'undefined' is not assignable to type 'boolean'.
components/NewProjectModal_v2.tsx(715,11): error TS2322: Type '{ title: string; message: string; onConfirm: () => void; onCancel: () => void; confirmText: string; cancelText: string; }' is not assignable to type 'IntrinsicAttributes & ConfirmDialogProps'.
  Property 'onCancel' does not exist on type 'IntrinsicAttributes & ConfirmDialogProps'.
components/PeopleList.tsx(588,46): error TS2339: Property 'map' does not exist on type 'never'.
components/PeopleList.tsx(588,50): error TS7006: Parameter 'user' implicitly has an 'any' type.
